<html>
<body>
<pre>
<h1>µVision Build Log</h1>
<h2>Project:</h2>
D:\AshData\∞Â«Ú\STM32\USER\test.uvprojx
Project File Date:  05/28/2018

<h2>Output:</h2>
Build target 'Target 1'
compiling delay.c...
assembling startup_stm32f10x_hd.s...
compiling test.c...
test.c(22): warning:  #177-D: variable "k" was declared but never referenced
        u16 k=618,len=0,x_h=0,x_l=0,y_h=0,y_l=0;
test.c(22): warning:  #550-D: variable "len" was set but never used
        u16 k=618,len=0,x_h=0,x_l=0,y_h=0,y_l=0;
test.c(22): warning:  #177-D: variable "x_l" was declared but never referenced
        u16 k=618,len=0,x_h=0,x_l=0,y_h=0,y_l=0;
test.c(22): warning:  #177-D: variable "y_l" was declared but never referenced
        u16 k=618,len=0,x_h=0,x_l=0,y_h=0,y_l=0;
test.c: 4 warnings, 0 errors
compiling sys.c...
compiling usart.c...
compiling led.c...
compiling timer.c...
linking...
Program Size: Code=4028 RO-data=336 RW-data=28 ZI-data=1324  
FromELF: creating hex file...
"..\OBJ\test.axf" - 0 Error(s), 4 Warning(s).
Load "..\\OBJ\\test.axf" 
Erase Done.
Programming Done.
Verify OK.
Application running ...
</pre>
</body>
</html>
 Done.
Verify OK.
Application running ...

"..\OBJ\test.axf" - 0 Error(s), 6 Warning(s).
Load "..\\OBJ\\test.axf" 
Erase Done.
Programming Done.
Verify OK.
Application running ...
Load "..\\OBJ\\test.axf" 
Erase Done.
Programming Done.
Verify OK.
Application running ...
